#
# There is insufficient memory for the Java Runtime Environment to continue.
# Native memory allocation (malloc) failed to allocate 32744 bytes for Chunk::new
# Possible reasons:
#   The system is out of physical RAM or swap space
#   The process is running with CompressedOops enabled, and the Java Heap may be blocking the growth of the native heap
# Possible solutions:
#   Reduce memory load on the system
#   Increase physical memory or swap space
#   Check if swap backing store is full
#   Decrease Java heap size (-Xmx/-Xms)
#   Decrease number of Java threads
#   Decrease Java thread stack sizes (-Xss)
#   Set larger code cache with -XX:ReservedCodeCacheSize=
#   JVM is running with Unscaled Compressed Oops mode in which the Java heap is
#     placed in the first 4GB address space. The Java Heap base address is the
#     maximum limit for the native heap growth. Please use -XX:HeapBaseMinAddress
#     to set the Java Heap base and to place the Java Heap above 4GB virtual address.
# This output file may be truncated or incomplete.
#
#  Out of Memory Error (arena.cpp:184), pid=95952, tid=90944
#
# JRE version: OpenJDK Runtime Environment (20.0+36) (build 20+36-2344)
# Java VM: OpenJDK 64-Bit Server VM (20+36-2344, mixed mode, sharing, tiered, compressed oops, compressed class ptrs, g1 gc, windows-amd64)
# No core dump will be written. Minidumps are not enabled by default on client versions of Windows
#

---------------  S U M M A R Y ------------

Command Line: -javaagent:C:\Program Files\JetBrains\IntelliJ IDEA Community Edition 2022.3.3\lib\idea_rt.jar=53913:C:\Program Files\JetBrains\IntelliJ IDEA Community Edition 2022.3.3\bin -Dfile.encoding=UTF-8 -Dsun.stdout.encoding=UTF-8 -Dsun.stderr.encoding=UTF-8 com.demo.social_media_project.SocialMediaProjectApplication

Host: AMD Ryzen 5 5600H with Radeon Graphics         , 12 cores, 7G,  Windows 11 , 64 bit Build 22621 (10.0.22621.4391)
Time: Tue Nov 19 15:19:30 2024 Eastern Standard Time elapsed time: 7079.427636 seconds (0d 1h 57m 59s)

---------------  T H R E A D  ---------------

Current thread (0x000001672312a4d0):  JavaThread "C1 CompilerThread0" daemon [_thread_in_native, id=90944, stack(0x00000013beb00000,0x00000013bec00000)]


Current CompileTask:
C1:7079427 7663       3      
[error occurred during error reporting (printing current compile task), id 0xe0000001, Out of Memory Error (s\open\src\hotspot\share\memory\arena.cpp:184)]
Stack: [0x00000013beb00000,0x00000013bec00000]
Native frames: (J=compiled Java code, j=interpreted, Vv=VM code, C=native code)
V  [jvm.dll+0x6bb95a]
V  [jvm.dll+0x8483aa]
V  [jvm.dll+0x849fa5]
V  [jvm.dll+0x84a6a3]
V  [jvm.dll+0x280b0f]
V  [jvm.dll+0xc2b11]
V  [jvm.dll+0xc2e35]
V  [jvm.dll+0x7b560c]
V  [jvm.dll+0x7b56f9]
V  [jvm.dll+0x66f6b9]
V  [jvm.dll+0x25e3a6]
V  [jvm.dll+0x848246]
V  [jvm.dll+0x849fa5]
V  [jvm.dll+0x84a6a3]
V  [jvm.dll+0x280b0f]
V  [jvm.dll+0xc2b11]
V  [jvm.dll+0xc2e35]
V  [jvm.dll+0x19e3ea]
V  [jvm.dll+0x19bded]
V  [jvm.dll+0x19c19a]
V  [jvm.dll+0x19e98e]
V  [jvm.dll+0x158863]
V  [jvm.dll+0x158152]
V  [jvm.dll+0x158384]
V  [jvm.dll+0x1577c6]
V  [jvm.dll+0x1594fd]
V  [jvm.dll+0x259e1b]
V  [jvm.dll+0x2584f0]
V  [jvm.dll+0x3f2895]
V  [jvm.dll+0x7f4906]
V  [jvm.dll+0x6ba5cb]
C  [ucrtbase.dll+0x29333]
C  [KERNEL32.DLL+0x1259d]
C  [ntdll.dll+0x5af38]


---------------  P R O C E S S  ---------------

Threads class SMR info:
_java_thread_list=0x000001672b148a00, length=33, elements={
0x000001672310f610, 0x0000016723112460, 0x0000016723117c80, 0x00000167231195d0,
0x000001672311c9a0, 0x000001672311f7d0, 0x0000016723129540, 0x000001672312a4d0,
0x00000167230dbf00, 0x0000016727749e40, 0x0000016727604c00, 0x0000016728aa25f0,
0x0000016728aa2b40, 0x0000016728aa20a0, 0x0000016728aa3b30, 0x0000016728aa0610,
0x0000016728aa1b50, 0x000001672b0b9550, 0x000001672b0b5590, 0x000001672b0b6ad0,
0x000001672b0b7020, 0x000001672b0b8560, 0x000001672b0b3b00, 0x000001672b0b7570,
0x000001672b0b7ac0, 0x000001672b0b4af0, 0x000001672b0b5040, 0x000001672b0b4050,
0x000001672b0b5ae0, 0x000001672b0b8010, 0x000001672b0b9aa0, 0x000001672b0b9ff0,
0x000001672b0ba540
}

Java Threads: ( => current thread )
  0x000001672310f610 JavaThread "Reference Handler" daemon [_thread_blocked, id=95648, stack(0x00000013be400000,0x00000013be500000)]
  0x0000016723112460 JavaThread "Finalizer" daemon [_thread_blocked, id=95036, stack(0x00000013be500000,0x00000013be600000)]
  0x0000016723117c80 JavaThread "Signal Dispatcher" daemon [_thread_blocked, id=43268, stack(0x00000013be600000,0x00000013be700000)]
  0x00000167231195d0 JavaThread "Attach Listener" daemon [_thread_blocked, id=89860, stack(0x00000013be700000,0x00000013be800000)]
  0x000001672311c9a0 JavaThread "Service Thread" daemon [_thread_blocked, id=95556, stack(0x00000013be800000,0x00000013be900000)]
  0x000001672311f7d0 JavaThread "Monitor Deflation Thread" daemon [_thread_blocked, id=95136, stack(0x00000013be900000,0x00000013bea00000)]
  0x0000016723129540 JavaThread "C2 CompilerThread0" daemon [_thread_in_native, id=96036, stack(0x00000013bea00000,0x00000013beb00000)]
=>0x000001672312a4d0 JavaThread "C1 CompilerThread0" daemon [_thread_in_native, id=90944, stack(0x00000013beb00000,0x00000013bec00000)]
  0x00000167230dbf00 JavaThread "Common-Cleaner" daemon [_thread_blocked, id=90640, stack(0x00000013bec00000,0x00000013bed00000)]
  0x0000016727749e40 JavaThread "Monitor Ctrl-Break" daemon [_thread_in_native, id=88988, stack(0x00000013bed00000,0x00000013bee00000)]
  0x0000016727604c00 JavaThread "Notification Thread" daemon [_thread_blocked, id=90364, stack(0x00000013bee00000,0x00000013bef00000)]
  0x0000016728aa25f0 JavaThread "Catalina-utility-1" [_thread_blocked, id=91868, stack(0x00000013bfd00000,0x00000013bfe00000)]
  0x0000016728aa2b40 JavaThread "Catalina-utility-2" [_thread_blocked, id=91968, stack(0x00000013bfe00000,0x00000013bff00000)]
  0x0000016728aa20a0 JavaThread "container-0" [_thread_blocked, id=80720, stack(0x00000013bff00000,0x00000013c0000000)]
  0x0000016728aa3b30 JavaThread "mysql-cj-abandoned-connection-cleanup" daemon [_thread_blocked, id=59824, stack(0x00000013c0000000,0x00000013c0100000)]
  0x0000016728aa0610 JavaThread "HikariPool-1 housekeeper" daemon [_thread_blocked, id=87248, stack(0x00000013c0200000,0x00000013c0300000)]
  0x0000016728aa1b50 JavaThread "File Watcher" daemon [_thread_blocked, id=79156, stack(0x00000013c0400000,0x00000013c0500000)]
  0x000001672b0b9550 JavaThread "Live Reload Server" daemon [_thread_in_native, id=84868, stack(0x00000013c0600000,0x00000013c0700000)]
  0x000001672b0b5590 JavaThread "http-nio-8080-exec-1" daemon [_thread_blocked, id=70516, stack(0x00000013c0500000,0x00000013c0600000)]
  0x000001672b0b6ad0 JavaThread "http-nio-8080-exec-2" daemon [_thread_blocked, id=96148, stack(0x00000013c0700000,0x00000013c0800000)]
  0x000001672b0b7020 JavaThread "http-nio-8080-exec-3" daemon [_thread_blocked, id=94852, stack(0x00000013c0800000,0x00000013c0900000)]
  0x000001672b0b8560 JavaThread "http-nio-8080-exec-4" daemon [_thread_blocked, id=84488, stack(0x00000013c0900000,0x00000013c0a00000)]
  0x000001672b0b3b00 JavaThread "http-nio-8080-exec-5" daemon [_thread_blocked, id=80636, stack(0x00000013c0a00000,0x00000013c0b00000)]
  0x000001672b0b7570 JavaThread "http-nio-8080-exec-6" daemon [_thread_blocked, id=83236, stack(0x00000013c0b00000,0x00000013c0c00000)]
  0x000001672b0b7ac0 JavaThread "http-nio-8080-exec-7" daemon [_thread_blocked, id=92872, stack(0x00000013c0c00000,0x00000013c0d00000)]
  0x000001672b0b4af0 JavaThread "http-nio-8080-exec-8" daemon [_thread_blocked, id=74388, stack(0x00000013c0d00000,0x00000013c0e00000)]
  0x000001672b0b5040 JavaThread "http-nio-8080-exec-9" daemon [_thread_blocked, id=84424, stack(0x00000013c0e00000,0x00000013c0f00000)]
  0x000001672b0b4050 JavaThread "http-nio-8080-exec-10" daemon [_thread_blocked, id=91108, stack(0x00000013c0f00000,0x00000013c1000000)]
  0x000001672b0b5ae0 JavaThread "http-nio-8080-Poller" daemon [_thread_in_native, id=89180, stack(0x00000013c1000000,0x00000013c1100000)]
  0x000001672b0b8010 JavaThread "http-nio-8080-Acceptor" daemon [_thread_in_native, id=94004, stack(0x00000013c1100000,0x00000013c1200000)]
  0x000001672b0b9aa0 JavaThread "DestroyJavaVM" [_thread_blocked, id=88548, stack(0x00000013bdd00000,0x00000013bde00000)]
  0x000001672b0b9ff0 JavaThread "HikariPool-1 connection closer" daemon [_thread_blocked, id=95644, stack(0x00000013bda00000,0x00000013bdb00000)]
  0x000001672b0ba540 JavaThread "HikariPool-1 connection adder" daemon [_thread_blocked, id=90248, stack(0x00000013bdb00000,0x00000013bdc00000)]

Other Threads:
  0x00000167230f4b60 VMThread "VM Thread" [stack: 0x00000013be300000,0x00000013be400000] [id=91808]
  0x000001672774a390 WatcherThread "VM Periodic Task Thread" [stack: 0x00000013bef00000,0x00000013bf000000] [id=88836]
  0x0000016706668d10 WorkerThread "GC Thread#0" [stack: 0x00000013bde00000,0x00000013bdf00000] [id=95528]
  0x00000167281edb60 WorkerThread "GC Thread#1" [stack: 0x00000013bf200000,0x00000013bf300000] [id=78872]
  0x00000167281ec4e0 WorkerThread "GC Thread#2" [stack: 0x00000013bf300000,0x00000013bf400000] [id=91984]
  0x00000167281ec210 WorkerThread "GC Thread#3" [stack: 0x00000013bf400000,0x00000013bf500000] [id=93856]
  0x00000167281ec7b0 WorkerThread "GC Thread#4" [stack: 0x00000013bf500000,0x00000013bf600000] [id=95788]
  0x00000167281eca80 WorkerThread "GC Thread#5" [stack: 0x00000013bf600000,0x00000013bf700000] [id=94292]
  0x00000167281ed020 WorkerThread "GC Thread#6" [stack: 0x00000013bf800000,0x00000013bf900000] [id=94052]
  0x00000167281ebf40 WorkerThread "GC Thread#7" [stack: 0x00000013bf900000,0x00000013bfa00000] [id=92776]
  0x00000167281ed5c0 WorkerThread "GC Thread#8" [stack: 0x00000013bfa00000,0x00000013bfb00000] [id=84720]
  0x000001672873c010 WorkerThread "GC Thread#9" [stack: 0x00000013bfb00000,0x00000013bfc00000] [id=15552]
  0x0000016706678760 ConcurrentGCThread "G1 Main Marker" [stack: 0x00000013bdf00000,0x00000013be000000] [id=85360]
  0x0000016706679190 WorkerThread "G1 Conc#0" [stack: 0x00000013be000000,0x00000013be100000] [id=91220]
  0x000001672873d960 WorkerThread "G1 Conc#1" [stack: 0x00000013bf700000,0x00000013bf800000] [id=87256]
  0x000001672873ac60 WorkerThread "G1 Conc#2" [stack: 0x00000013bfc00000,0x00000013bfd00000] [id=84896]
  0x00000167066be960 ConcurrentGCThread "G1 Refine#0" [stack: 0x00000013be100000,0x00000013be200000] [id=85572]
  0x0000016722fb1e40 ConcurrentGCThread "G1 Service" [stack: 0x00000013be200000,0x00000013be300000] [id=95272]

Threads with active compile tasks:
C2 CompilerThread0  7079581 7650       4       java.lang.reflect.Constructor::newInstanceWithCaller (51 bytes)
C1 CompilerThread0  7079581 7663       3       com.sun.crypto.provider.GCTR::update (208 bytes)

VM state: not at safepoint (normal execution)

VM Mutex/Monitor currently owned by a thread: None

Heap address: 0x000000008a600000, size: 1882 MB, Compressed Oops mode: 32-bit

CDS archive(s) mapped at: [0x0000000800000000-0x0000000800c60000-0x0000000800c60000), size 12976128, SharedBaseAddress: 0x0000000800000000, ArchiveRelocationMode: 0.
Compressed class space mapped at: 0x0000000801000000-0x0000000841000000, reserved size: 1073741824
Narrow klass base: 0x0000000800000000, Narrow klass shift: 0, Narrow klass range: 0x100000000

GC Precious Log:
 CardTable entry size: 512
 Card Set container configuration: InlinePtr #cards 5 size 8 Array Of Cards #cards 12 size 40 Howl #buckets 4 coarsen threshold 1843 Howl Bitmap #cards 512 size 80 coarsen threshold 460 Card regions per heap region 1 cards per card region 2048
 CPUs: 12 total, 12 available
 Memory: 7521M
 Large Page Support: Disabled
 NUMA Support: Disabled
 Compressed Oops: Enabled (32-bit)
 Heap Region Size: 1M
 Heap Min Capacity: 8M
 Heap Initial Capacity: 118M
 Heap Max Capacity: 1882M
 Pre-touch: Disabled
 Parallel Workers: 10
 Concurrent Workers: 3
 Concurrent Refinement Workers: 10
 Periodic GC: Disabled

Heap:
 garbage-first heap   total 62464K, used 35239K [0x000000008a600000, 0x0000000100000000)
  region size 1024K, 5 young (5120K), 1 survivors (1024K)
 Metaspace       used 79595K, committed 80576K, reserved 1179648K
  class space    used 10746K, committed 11136K, reserved 1048576K

Heap Regions: E=young(eden), S=young(survivor), O=old, HS=humongous(starts), HC=humongous(continues), CS=collection set, F=free, OA=open archive, CA=closed archive, TAMS=top-at-mark-start, PB=parsable bottom
|   0|0x000000008a600000, 0x000000008a700000, 0x000000008a700000|100%|HS|  |TAMS 0x000000008a600000| PB 0x000000008a600000| Complete 
|   1|0x000000008a700000, 0x000000008a800000, 0x000000008a800000|100%| O|  |TAMS 0x000000008a700000| PB 0x000000008a700000| Untracked 
|   2|0x000000008a800000, 0x000000008a900000, 0x000000008a900000|100%| O|  |TAMS 0x000000008a800000| PB 0x000000008a800000| Untracked 
|   3|0x000000008a900000, 0x000000008aa00000, 0x000000008aa00000|100%| O|  |TAMS 0x000000008a900000| PB 0x000000008a900000| Untracked 
|   4|0x000000008aa00000, 0x000000008ab00000, 0x000000008ab00000|100%| O|  |TAMS 0x000000008aa00000| PB 0x000000008aa00000| Untracked 
|   5|0x000000008ab00000, 0x000000008ac00000, 0x000000008ac00000|100%| O|  |TAMS 0x000000008ab00000| PB 0x000000008ab00000| Untracked 
|   6|0x000000008ac00000, 0x000000008ad00000, 0x000000008ad00000|100%| O|  |TAMS 0x000000008ac00000| PB 0x000000008ac00000| Untracked 
|   7|0x000000008ad00000, 0x000000008ae00000, 0x000000008ae00000|100%| O|  |TAMS 0x000000008ad00000| PB 0x000000008ad00000| Untracked 
|   8|0x000000008ae00000, 0x000000008ae00000, 0x000000008af00000|  0%| F|  |TAMS 0x000000008ae00000| PB 0x000000008ae00000| Untracked 
|   9|0x000000008af00000, 0x000000008b000000, 0x000000008b000000|100%| O|  |TAMS 0x000000008af00000| PB 0x000000008af00000| Untracked 
|  10|0x000000008b000000, 0x000000008b100000, 0x000000008b100000|100%| O|  |TAMS 0x000000008b000000| PB 0x000000008b000000| Untracked 
|  11|0x000000008b100000, 0x000000008b200000, 0x000000008b200000|100%| O|  |TAMS 0x000000008b100000| PB 0x000000008b100000| Untracked 
|  12|0x000000008b200000, 0x000000008b300000, 0x000000008b300000|100%| O|  |TAMS 0x000000008b200000| PB 0x000000008b200000| Untracked 
|  13|0x000000008b300000, 0x000000008b400000, 0x000000008b400000|100%| O|  |TAMS 0x000000008b300000| PB 0x000000008b300000| Untracked 
|  14|0x000000008b400000, 0x000000008b500000, 0x000000008b500000|100%| O|  |TAMS 0x000000008b400000| PB 0x000000008b400000| Untracked 
|  15|0x000000008b500000, 0x000000008b600000, 0x000000008b600000|100%| O|  |TAMS 0x000000008b500000| PB 0x000000008b500000| Untracked 
|  16|0x000000008b600000, 0x000000008b695000, 0x000000008b700000| 58%| O|  |TAMS 0x000000008b600000| PB 0x000000008b600000| Untracked 
|  17|0x000000008b700000, 0x000000008b800000, 0x000000008b800000|100%| O|  |TAMS 0x000000008b700000| PB 0x000000008b700000| Untracked 
|  18|0x000000008b800000, 0x000000008b900000, 0x000000008b900000|100%| O|  |TAMS 0x000000008b800000| PB 0x000000008b800000| Untracked 
|  19|0x000000008b900000, 0x000000008ba00000, 0x000000008ba00000|100%| O|  |TAMS 0x000000008b900000| PB 0x000000008b900000| Untracked 
|  20|0x000000008ba00000, 0x000000008ba00000, 0x000000008bb00000|  0%| F|  |TAMS 0x000000008ba00000| PB 0x000000008ba00000| Untracked 
|  21|0x000000008bb00000, 0x000000008bc00000, 0x000000008bc00000|100%| O|  |TAMS 0x000000008bb00000| PB 0x000000008bb00000| Untracked 
|  22|0x000000008bc00000, 0x000000008bd00000, 0x000000008bd00000|100%| O|  |TAMS 0x000000008bc00000| PB 0x000000008bc00000| Untracked 
|  23|0x000000008bd00000, 0x000000008be00000, 0x000000008be00000|100%| O|  |TAMS 0x000000008bd00000| PB 0x000000008bd00000| Complete 
|  24|0x000000008be00000, 0x000000008bf00000, 0x000000008bf00000|100%| O|  |TAMS 0x000000008be00000| PB 0x000000008be00000| Untracked 
|  25|0x000000008bf00000, 0x000000008bf00000, 0x000000008c000000|  0%| F|  |TAMS 0x000000008bf00000| PB 0x000000008bf00000| Untracked 
|  26|0x000000008c000000, 0x000000008c100000, 0x000000008c100000|100%| O|  |TAMS 0x000000008c000000| PB 0x000000008c000000| Untracked 
|  27|0x000000008c100000, 0x000000008c100000, 0x000000008c200000|  0%| F|  |TAMS 0x000000008c100000| PB 0x000000008c100000| Untracked 
|  28|0x000000008c200000, 0x000000008c2d4e60, 0x000000008c300000| 83%| S|CS|TAMS 0x000000008c200000| PB 0x000000008c200000| Complete 
|  29|0x000000008c300000, 0x000000008c400000, 0x000000008c400000|100%| O|  |TAMS 0x000000008c300000| PB 0x000000008c300000| Untracked 
|  30|0x000000008c400000, 0x000000008c500000, 0x000000008c500000|100%| O|  |TAMS 0x000000008c400000| PB 0x000000008c400000| Complete 
|  31|0x000000008c500000, 0x000000008c600000, 0x000000008c600000|100%| O|  |TAMS 0x000000008c500000| PB 0x000000008c500000| Untracked 
|  32|0x000000008c600000, 0x000000008c600000, 0x000000008c700000|  0%| F|  |TAMS 0x000000008c600000| PB 0x000000008c600000| Untracked 
|  33|0x000000008c700000, 0x000000008c800000, 0x000000008c800000|100%| O|  |TAMS 0x000000008c700000| PB 0x000000008c700000| Untracked 
|  34|0x000000008c800000, 0x000000008c900000, 0x000000008c900000|100%| O|  |TAMS 0x000000008c800000| PB 0x000000008c800000| Untracked 
|  35|0x000000008c900000, 0x000000008c900000, 0x000000008ca00000|  0%| F|  |TAMS 0x000000008c900000| PB 0x000000008c900000| Untracked 
|  36|0x000000008ca00000, 0x000000008ca00000, 0x000000008cb00000|  0%| F|  |TAMS 0x000000008ca00000| PB 0x000000008ca00000| Untracked 
|  37|0x000000008cb00000, 0x000000008cb00000, 0x000000008cc00000|  0%| F|  |TAMS 0x000000008cb00000| PB 0x000000008cb00000| Untracked 
|  38|0x000000008cc00000, 0x000000008cc00000, 0x000000008cd00000|  0%| F|  |TAMS 0x000000008cc00000| PB 0x000000008cc00000| Untracked 
|  39|0x000000008cd00000, 0x000000008cd00000, 0x000000008ce00000|  0%| F|  |TAMS 0x000000008cd00000| PB 0x000000008cd00000| Untracked 
|  40|0x000000008ce00000, 0x000000008ce00000, 0x000000008cf00000|  0%| F|  |TAMS 0x000000008ce00000| PB 0x000000008ce00000| Untracked 
|  41|0x000000008cf00000, 0x000000008cf00000, 0x000000008d000000|  0%| F|  |TAMS 0x000000008cf00000| PB 0x000000008cf00000| Untracked 
|  42|0x000000008d000000, 0x000000008d000000, 0x000000008d100000|  0%| F|  |TAMS 0x000000008d000000| PB 0x000000008d000000| Untracked 
|  43|0x000000008d100000, 0x000000008d100000, 0x000000008d200000|  0%| F|  |TAMS 0x000000008d100000| PB 0x000000008d100000| Untracked 
|  44|0x000000008d200000, 0x000000008d200000, 0x000000008d300000|  0%| F|  |TAMS 0x000000008d200000| PB 0x000000008d200000| Untracked 
|  45|0x000000008d300000, 0x000000008d300000, 0x000000008d400000|  0%| F|  |TAMS 0x000000008d300000| PB 0x000000008d300000| Untracked 
|  46|0x000000008d400000, 0x000000008d400000, 0x000000008d500000|  0%| F|  |TAMS 0x000000008d400000| PB 0x000000008d400000| Untracked 
|  47|0x000000008d500000, 0x000000008d500000, 0x000000008d600000|  0%| F|  |TAMS 0x000000008d500000| PB 0x000000008d500000| Untracked 
|  48|0x000000008d600000, 0x000000008d600000, 0x000000008d700000|  0%| F|  |TAMS 0x000000008d600000| PB 0x000000008d600000| Untracked 
|  49|0x000000008d700000, 0x000000008d700000, 0x000000008d800000|  0%| F|  |TAMS 0x000000008d700000| PB 0x000000008d700000| Untracked 
|  50|0x000000008d800000, 0x000000008d800000, 0x000000008d900000|  0%| F|  |TAMS 0x000000008d800000| PB 0x000000008d800000| Untracked 
|  63|0x000000008e500000, 0x000000008e500000, 0x000000008e600000|  0%| F|  |TAMS 0x000000008e500000| PB 0x000000008e500000| Untracked 
|  64|0x000000008e600000, 0x000000008e600000, 0x000000008e700000|  0%| F|  |TAMS 0x000000008e600000| PB 0x000000008e600000| Untracked 
|  65|0x000000008e700000, 0x000000008e700000, 0x000000008e800000|  0%| F|  |TAMS 0x000000008e700000| PB 0x000000008e700000| Untracked 
|  66|0x000000008e800000, 0x000000008e800000, 0x000000008e900000|  0%| F|  |TAMS 0x000000008e800000| PB 0x000000008e800000| Untracked 
|  67|0x000000008e900000, 0x000000008e995410, 0x000000008ea00000| 58%| E|  |TAMS 0x000000008e900000| PB 0x000000008e900000| Complete 
|  68|0x000000008ea00000, 0x000000008eb00000, 0x000000008eb00000|100%| E|CS|TAMS 0x000000008ea00000| PB 0x000000008ea00000| Complete 
|  69|0x000000008eb00000, 0x000000008ec00000, 0x000000008ec00000|100%| E|CS|TAMS 0x000000008eb00000| PB 0x000000008eb00000| Complete 
| 117|0x0000000091b00000, 0x0000000091c00000, 0x0000000091c00000|100%| E|CS|TAMS 0x0000000091b00000| PB 0x0000000091b00000| Complete 
|1880|0x00000000ffe00000, 0x00000000fff00000, 0x00000000fff00000|100%| O|  |TAMS 0x00000000ffe00000| PB 0x00000000ffe00000| Untracked 
|1881|0x00000000fff00000, 0x0000000100000000, 0x0000000100000000|100%| O|  |TAMS 0x00000000fff00000| PB 0x00000000fff00000| Untracked 

Card table byte_map: [0x000001671dfd0000,0x000001671e380000] _byte_map_base: 0x000001671db7d000

Marking Bits: (CMBitMap*) 0x0000016706669340
 Bits: [0x000001671e730000, 0x0000016720498000)

Polling page: 0x0000016704570000

Metaspace:

Usage:
  Non-class:     67.23 MB used.
      Class:     10.49 MB used.
       Both:     77.73 MB used.

Virtual space:
  Non-class space:      128.00 MB reserved,      67.81 MB ( 53%) committed,  2 nodes.
      Class space:        1.00 GB reserved,      10.88 MB (  1%) committed,  1 nodes.
             Both:        1.12 GB reserved,      78.69 MB (  7%) committed. 

Chunk freelists:
   Non-Class:  4.28 MB
       Class:  1.32 MB
        Both:  5.60 MB

MaxMetaspaceSize: unlimited
CompressedClassSpaceSize: 1.00 GB
Initial GC threshold: 21.00 MB
Current GC threshold: 131.19 MB
CDS: on
MetaspaceReclaimPolicy: balanced
 - commit_granule_bytes: 65536.
 - commit_granule_words: 8192.
 - virtual_space_node_default_size: 8388608.
 - enlarge_chunks_in_place: 1.
 - new_chunks_are_fully_committed: 0.
 - uncommit_free_chunks: 1.
 - use_allocation_guard: 0.


Internal statistics:

num_allocs_failed_limit: 9.
num_arena_births: 1010.
num_arena_deaths: 374.
num_vsnodes_births: 3.
num_vsnodes_deaths: 0.
num_space_committed: 1259.
num_space_uncommitted: 0.
num_chunks_returned_to_freelist: 449.
num_chunks_taken_from_freelist: 3832.
num_chunk_merges: 121.
num_chunk_splits: 2763.
num_chunks_enlarged: 2148.
num_inconsistent_stats: 0.

CodeHeap 'non-profiled nmethods': size=120000Kb used=2816Kb max_used=3336Kb free=117184Kb
 bounds [0x0000016716180000, 0x00000167164d0000, 0x000001671d6b0000]
CodeHeap 'profiled nmethods': size=120000Kb used=6773Kb max_used=11210Kb free=113226Kb
 bounds [0x000001670e6b0000, 0x000001670f1b0000, 0x0000016715be0000]
CodeHeap 'non-nmethods': size=5760Kb used=1800Kb max_used=1829Kb free=3959Kb
 bounds [0x0000016715be0000, 0x0000016715e50000, 0x0000016716180000]
 total_blobs=4606 nmethods=3850 adapters=666
 compilation: enabled
              stopped_count=0, restarted_count=0
 full_count=0

Compilation events (20 events):
Event: 7074.906 Thread 0x000001672312a4d0 7642       3       java.util.concurrent.ConcurrentHashMap$EntryIterator::<init> (12 bytes)
Event: 7074.910 Thread 0x000001672312a4d0 nmethod 7642 0x000001670e787010 code [0x000001670e7871a0, 0x000001670e7872d0]
Event: 7074.910 Thread 0x000001672312a4d0 7643       1       com.mysql.cj.conf.HostInfo::getHost (5 bytes)
Event: 7074.911 Thread 0x000001672312a4d0 nmethod 7643 0x000001671621dd90 code [0x000001671621df00, 0x000001671621dfc8]
Event: 7074.912 Thread 0x000001672312a4d0 7644   !   3       java.nio.ByteBuffer::putBuffer (142 bytes)
Event: 7074.919 Thread 0x000001672312a4d0 nmethod 7644 0x000001670e9a9b90 code [0x000001670e9a9e40, 0x000001670e9aace0]
Event: 7074.919 Thread 0x000001672312a4d0 7645       3       com.mysql.cj.protocol.a.MysqlTextValueDecoder::decodeInt8 (16 bytes)
Event: 7074.922 Thread 0x000001672312a4d0 nmethod 7645 0x000001670e6e9f10 code [0x000001670e6ea0c0, 0x000001670e6ea2d8]
Event: 7079.236 Thread 0x000001672312a4d0 7646       1       com.mysql.cj.conf.HostInfo::getPort (5 bytes)
Event: 7079.237 Thread 0x000001672312a4d0 nmethod 7646 0x0000016716234c90 code [0x0000016716234e00, 0x0000016716234ec8]
Event: 7079.237 Thread 0x000001672312a4d0 7647       1       com.mysql.cj.conf.HostInfo::getUser (5 bytes)
Event: 7079.238 Thread 0x000001672312a4d0 nmethod 7647 0x0000016716236490 code [0x0000016716236600, 0x00000167162366c8]
Event: 7079.238 Thread 0x000001672312a4d0 7648       1       com.mysql.cj.conf.HostInfo::getPassword (5 bytes)
Event: 7079.238 Thread 0x000001672312a4d0 nmethod 7648 0x0000016716238d90 code [0x0000016716238f00, 0x0000016716238fc8]
Event: 7079.239 Thread 0x000001672312a4d0 7649       3       java.util.Properties::getProperty (16 bytes)
Event: 7079.239 Thread 0x000001672312a4d0 nmethod 7649 0x000001670e836b90 code [0x000001670e836d20, 0x000001670e836f40]
Event: 7079.255 Thread 0x0000016723129540 7650       4       java.lang.reflect.Constructor::newInstanceWithCaller (51 bytes)
Event: 7079.258 Thread 0x000001672312a4d0 7651       3       com.sun.crypto.provider.DHParameters::engineGetParameterSpec (46 bytes)
Event: 7079.287 Thread 0x000001672312a4d0 nmethod 7651 0x000001670e87a510 code [0x000001670e87a700, 0x000001670e87ad28]
Event: 7079.287 Thread 0x000001672312a4d0 7663       3       com.sun.crypto.provider.GCTR::update (208 bytes)

GC Heap History (20 events):
Event: 1566.154 GC heap before
{Heap before GC invocations=26 (full 0):
 garbage-first heap   total 60416K, used 51131K [0x000000008a600000, 0x0000000100000000)
  region size 1024K, 19 young (19456K), 2 survivors (2048K)
 Metaspace       used 79643K, committed 80384K, reserved 1179648K
  class space    used 10834K, committed 11136K, reserved 1048576K
}
Event: 1566.225 GC heap after
{Heap after GC invocations=27 (full 0):
 garbage-first heap   total 60416K, used 33684K [0x000000008a600000, 0x0000000100000000)
  region size 1024K, 2 young (2048K), 2 survivors (2048K)
 Metaspace       used 79643K, committed 80384K, reserved 1179648K
  class space    used 10834K, committed 11136K, reserved 1048576K
}
Event: 2031.844 GC heap before
{Heap before GC invocations=27 (full 0):
 garbage-first heap   total 60416K, used 53140K [0x000000008a600000, 0x0000000100000000)
  region size 1024K, 21 young (21504K), 2 survivors (2048K)
 Metaspace       used 79748K, committed 80512K, reserved 1179648K
  class space    used 10838K, committed 11136K, reserved 1048576K
}
Event: 2031.916 GC heap after
{Heap after GC invocations=28 (full 0):
 garbage-first heap   total 60416K, used 34108K [0x000000008a600000, 0x0000000100000000)
  region size 1024K, 2 young (2048K), 2 survivors (2048K)
 Metaspace       used 79748K, committed 80512K, reserved 1179648K
  class space    used 10838K, committed 11136K, reserved 1048576K
}
Event: 2608.671 GC heap before
{Heap before GC invocations=28 (full 0):
 garbage-first heap   total 60416K, used 53564K [0x000000008a600000, 0x0000000100000000)
  region size 1024K, 21 young (21504K), 2 survivors (2048K)
 Metaspace       used 79761K, committed 80512K, reserved 1179648K
  class space    used 10838K, committed 11136K, reserved 1048576K
}
Event: 2608.742 GC heap after
{Heap after GC invocations=29 (full 0):
 garbage-first heap   total 60416K, used 34269K [0x000000008a600000, 0x0000000100000000)
  region size 1024K, 1 young (1024K), 1 survivors (1024K)
 Metaspace       used 79761K, committed 80512K, reserved 1179648K
  class space    used 10838K, committed 11136K, reserved 1048576K
}
Event: 3206.415 GC heap before
{Heap before GC invocations=30 (full 0):
 garbage-first heap   total 60416K, used 54749K [0x000000008a600000, 0x0000000100000000)
  region size 1024K, 21 young (21504K), 1 survivors (1024K)
 Metaspace       used 79434K, committed 80512K, reserved 1179648K
  class space    used 10748K, committed 11136K, reserved 1048576K
}
Event: 3206.479 GC heap after
{Heap after GC invocations=31 (full 0):
 garbage-first heap   total 60416K, used 34153K [0x000000008a600000, 0x0000000100000000)
  region size 1024K, 1 young (1024K), 1 survivors (1024K)
 Metaspace       used 79434K, committed 80512K, reserved 1179648K
  class space    used 10748K, committed 11136K, reserved 1048576K
}
Event: 3698.949 GC heap before
{Heap before GC invocations=31 (full 0):
 garbage-first heap   total 60416K, used 54633K [0x000000008a600000, 0x0000000100000000)
  region size 1024K, 21 young (21504K), 1 survivors (1024K)
 Metaspace       used 79513K, committed 80512K, reserved 1179648K
  class space    used 10749K, committed 11136K, reserved 1048576K
}
Event: 3699.010 GC heap after
{Heap after GC invocations=32 (full 0):
 garbage-first heap   total 62464K, used 33159K [0x000000008a600000, 0x0000000100000000)
  region size 1024K, 2 young (2048K), 2 survivors (2048K)
 Metaspace       used 79513K, committed 80512K, reserved 1179648K
  class space    used 10749K, committed 11136K, reserved 1048576K
}
Event: 4333.302 GC heap before
{Heap before GC invocations=32 (full 0):
 garbage-first heap   total 62464K, used 54663K [0x000000008a600000, 0x0000000100000000)
  region size 1024K, 23 young (23552K), 2 survivors (2048K)
 Metaspace       used 79529K, committed 80512K, reserved 1179648K
  class space    used 10749K, committed 11136K, reserved 1048576K
}
Event: 4333.370 GC heap after
{Heap after GC invocations=33 (full 0):
 garbage-first heap   total 62464K, used 32806K [0x000000008a600000, 0x0000000100000000)
  region size 1024K, 1 young (1024K), 1 survivors (1024K)
 Metaspace       used 79529K, committed 80512K, reserved 1179648K
  class space    used 10749K, committed 11136K, reserved 1048576K
}
Event: 5028.150 GC heap before
{Heap before GC invocations=34 (full 0):
 garbage-first heap   total 62464K, used 56358K [0x000000008a600000, 0x0000000100000000)
  region size 1024K, 24 young (24576K), 1 survivors (1024K)
 Metaspace       used 79516K, committed 80512K, reserved 1179648K
  class space    used 10746K, committed 11136K, reserved 1048576K
}
Event: 5028.196 GC heap after
{Heap after GC invocations=35 (full 0):
 garbage-first heap   total 62464K, used 32837K [0x000000008a600000, 0x0000000100000000)
  region size 1024K, 1 young (1024K), 1 survivors (1024K)
 Metaspace       used 79516K, committed 80512K, reserved 1179648K
  class space    used 10746K, committed 11136K, reserved 1048576K
}
Event: 5613.222 GC heap before
{Heap before GC invocations=35 (full 0):
 garbage-first heap   total 62464K, used 56389K [0x000000008a600000, 0x0000000100000000)
  region size 1024K, 24 young (24576K), 1 survivors (1024K)
 Metaspace       used 79586K, committed 80576K, reserved 1179648K
  class space    used 10746K, committed 11136K, reserved 1048576K
}
Event: 5613.268 GC heap after
{Heap after GC invocations=36 (full 0):
 garbage-first heap   total 62464K, used 32518K [0x000000008a600000, 0x0000000100000000)
  region size 1024K, 2 young (2048K), 2 survivors (2048K)
 Metaspace       used 79586K, committed 80576K, reserved 1179648K
  class space    used 10746K, committed 11136K, reserved 1048576K
}
Event: 6282.278 GC heap before
{Heap before GC invocations=36 (full 0):
 garbage-first heap   total 62464K, used 55046K [0x000000008a600000, 0x0000000100000000)
  region size 1024K, 24 young (24576K), 2 survivors (2048K)
 Metaspace       used 79586K, committed 80576K, reserved 1179648K
  class space    used 10746K, committed 11136K, reserved 1048576K
}
Event: 6282.331 GC heap after
{Heap after GC invocations=37 (full 0):
 garbage-first heap   total 62464K, used 32178K [0x000000008a600000, 0x0000000100000000)
  region size 1024K, 1 young (1024K), 1 survivors (1024K)
 Metaspace       used 79586K, committed 80576K, reserved 1179648K
  class space    used 10746K, committed 11136K, reserved 1048576K
}
Event: 7009.644 GC heap before
{Heap before GC invocations=38 (full 0):
 garbage-first heap   total 62464K, used 56754K [0x000000008a600000, 0x0000000100000000)
  region size 1024K, 25 young (25600K), 1 survivors (1024K)
 Metaspace       used 79591K, committed 80576K, reserved 1179648K
  class space    used 10746K, committed 11136K, reserved 1048576K
}
Event: 7009.691 GC heap after
{Heap after GC invocations=39 (full 0):
 garbage-first heap   total 62464K, used 32167K [0x000000008a600000, 0x0000000100000000)
  region size 1024K, 1 young (1024K), 1 survivors (1024K)
 Metaspace       used 79591K, committed 80576K, reserved 1179648K
  class space    used 10746K, committed 11136K, reserved 1048576K
}

Dll operation events (14 events):
Event: 0.023 Loaded shared library C:\Users\jogan\.jdks\openjdk-20\bin\java.dll
Event: 0.034 Loaded shared library C:\Users\jogan\.jdks\openjdk-20\bin\jsvml.dll
Event: 0.165 Loaded shared library C:\Users\jogan\.jdks\openjdk-20\bin\zip.dll
Event: 0.169 Loaded shared library C:\Users\jogan\.jdks\openjdk-20\bin\instrument.dll
Event: 0.180 Loaded shared library C:\Users\jogan\.jdks\openjdk-20\bin\net.dll
Event: 0.182 Loaded shared library C:\Users\jogan\.jdks\openjdk-20\bin\nio.dll
Event: 0.185 Loaded shared library C:\Users\jogan\.jdks\openjdk-20\bin\zip.dll
Event: 0.290 Loaded shared library C:\Program Files\JetBrains\IntelliJ IDEA Community Edition 2022.3.3\bin\breakgen64.dll
Event: 0.302 Loaded shared library C:\Users\jogan\.jdks\openjdk-20\bin\extnet.dll
Event: 0.346 Loaded shared library C:\Users\jogan\.jdks\openjdk-20\bin\jimage.dll
Event: 0.686 Loaded shared library C:\Users\jogan\.jdks\openjdk-20\bin\management.dll
Event: 0.691 Loaded shared library C:\Users\jogan\.jdks\openjdk-20\bin\management_ext.dll
Event: 1.623 Loaded shared library C:\Users\jogan\.jdks\openjdk-20\bin\sunmscapi.dll
Event: 4.145 Loaded shared library C:\Users\jogan\.jdks\openjdk-20\bin\verify.dll

Deoptimization events (20 events):
Event: 5312.795 Thread 0x000001672b0b45a0 DEOPT PACKING pc=0x00000167161defc0 sp=0x00000013bdbfe9a0
Event: 5312.795 Thread 0x000001672b0b45a0 DEOPT UNPACKING pc=0x0000016715c49d22 sp=0x00000013bdbfe970 mode 2
Event: 5313.478 Thread 0x000001672b0b45a0 DEOPT PACKING pc=0x000001670ef51b44 sp=0x00000013bdbfde50
Event: 5313.478 Thread 0x000001672b0b45a0 DEOPT UNPACKING pc=0x0000016715c4a4c2 sp=0x00000013bdbfd2d0 mode 0
Event: 5385.143 Thread 0x0000016728aa2b40 Uncommon trap: trap_request=0xffffffbe fr.pc=0x00000167161f3cd0 relative=0x0000000000000330
Event: 5385.143 Thread 0x0000016728aa2b40 Uncommon trap: reason=profile_predicate action=maybe_recompile pc=0x00000167161f3cd0 method=java.util.concurrent.ConcurrentHashMap$Traverser.advance()Ljava/util/concurrent/ConcurrentHashMap$Node; @ 15 c2
Event: 5385.143 Thread 0x0000016728aa2b40 DEOPT PACKING pc=0x00000167161f3cd0 sp=0x00000013bfeff0f0
Event: 5385.143 Thread 0x0000016728aa2b40 DEOPT UNPACKING pc=0x0000016715c49d22 sp=0x00000013bfefee48 mode 2
Event: 5386.156 Thread 0x0000016728aa2b40 Uncommon trap: trap_request=0xffffffbe fr.pc=0x00000167161f3cd0 relative=0x0000000000000330
Event: 5386.156 Thread 0x0000016728aa2b40 Uncommon trap: reason=profile_predicate action=maybe_recompile pc=0x00000167161f3cd0 method=java.util.concurrent.ConcurrentHashMap$Traverser.advance()Ljava/util/concurrent/ConcurrentHashMap$Node; @ 15 c2
Event: 5386.156 Thread 0x0000016728aa2b40 DEOPT PACKING pc=0x00000167161f3cd0 sp=0x00000013bfeff0f0
Event: 5386.157 Thread 0x0000016728aa2b40 DEOPT UNPACKING pc=0x0000016715c49d22 sp=0x00000013bfefee48 mode 2
Event: 5387.148 Thread 0x0000016728aa2b40 Uncommon trap: trap_request=0xffffffbe fr.pc=0x00000167161f3cd0 relative=0x0000000000000330
Event: 5387.148 Thread 0x0000016728aa2b40 Uncommon trap: reason=profile_predicate action=maybe_recompile pc=0x00000167161f3cd0 method=java.util.concurrent.ConcurrentHashMap$Traverser.advance()Ljava/util/concurrent/ConcurrentHashMap$Node; @ 15 c2
Event: 5387.148 Thread 0x0000016728aa2b40 DEOPT PACKING pc=0x00000167161f3cd0 sp=0x00000013bfeff0f0
Event: 5387.148 Thread 0x0000016728aa2b40 DEOPT UNPACKING pc=0x0000016715c49d22 sp=0x00000013bfefee48 mode 2
Event: 5388.144 Thread 0x0000016728aa2b40 Uncommon trap: trap_request=0xffffffbe fr.pc=0x00000167161f3cd0 relative=0x0000000000000330
Event: 5388.144 Thread 0x0000016728aa2b40 Uncommon trap: reason=profile_predicate action=maybe_recompile pc=0x00000167161f3cd0 method=java.util.concurrent.ConcurrentHashMap$Traverser.advance()Ljava/util/concurrent/ConcurrentHashMap$Node; @ 15 c2
Event: 5388.144 Thread 0x0000016728aa2b40 DEOPT PACKING pc=0x00000167161f3cd0 sp=0x00000013bfeff0f0
Event: 5388.144 Thread 0x0000016728aa2b40 DEOPT UNPACKING pc=0x0000016715c49d22 sp=0x00000013bfefee48 mode 2

Classes loaded (20 events):
Event: 108.850 Loading class java/util/stream/ReduceOps$6ReducingSink
Event: 108.850 Loading class java/util/stream/ReduceOps$6ReducingSink done
Event: 108.850 Loading class java/util/stream/ReferencePipeline$4$1
Event: 108.850 Loading class java/util/stream/ReferencePipeline$4$1 done
Event: 108.861 Loading class java/io/PrintWriter$1
Event: 108.862 Loading class jdk/internal/access/JavaIOPrintWriterAccess
Event: 108.862 Loading class jdk/internal/access/JavaIOPrintWriterAccess done
Event: 108.862 Loading class java/io/PrintWriter$1 done
Event: 108.862 Loading class java/lang/Throwable$WrappedPrintWriter
Event: 108.862 Loading class java/lang/Throwable$PrintStreamOrWriter
Event: 108.863 Loading class java/lang/Throwable$PrintStreamOrWriter done
Event: 108.863 Loading class java/lang/Throwable$WrappedPrintWriter done
Event: 1768.417 Loading class sun/security/ssl/Alert
Event: 1768.497 Loading class sun/security/ssl/Alert done
Event: 1768.509 Loading class sun/security/ssl/Alert$AlertConsumer
Event: 1768.524 Loading class sun/security/ssl/Alert$AlertConsumer done
Event: 1768.525 Loading class sun/security/ssl/Alert$Level
Event: 1768.527 Loading class sun/security/ssl/Alert$Level done
Event: 1768.534 Loading class sun/net/ConnectionResetException
Event: 1768.537 Loading class sun/net/ConnectionResetException done

Classes unloaded (20 events):
Event: 2608.889 Thread 0x00000167230f4b60 Unloading class 0x0000000801019400 'java/lang/invoke/LambdaForm$MH+0x0000000801019400'
Event: 2608.889 Thread 0x00000167230f4b60 Unloading class 0x0000000801018800 'java/lang/invoke/LambdaForm$MH+0x0000000801018800'
Event: 2608.889 Thread 0x00000167230f4b60 Unloading class 0x0000000801018400 'java/lang/invoke/LambdaForm$MH+0x0000000801018400'
Event: 2608.889 Thread 0x00000167230f4b60 Unloading class 0x0000000801017c00 'java/lang/invoke/LambdaForm$MH+0x0000000801017c00'
Event: 2608.889 Thread 0x00000167230f4b60 Unloading class 0x0000000801017800 'java/lang/invoke/LambdaForm$MH+0x0000000801017800'
Event: 2608.889 Thread 0x00000167230f4b60 Unloading class 0x0000000801017400 'java/lang/invoke/LambdaForm$MH+0x0000000801017400'
Event: 2608.889 Thread 0x00000167230f4b60 Unloading class 0x0000000801016800 'java/lang/invoke/LambdaForm$MH+0x0000000801016800'
Event: 2608.889 Thread 0x00000167230f4b60 Unloading class 0x0000000801015800 'java/lang/invoke/LambdaForm$MH+0x0000000801015800'
Event: 2608.889 Thread 0x00000167230f4b60 Unloading class 0x0000000801014c00 'java/lang/invoke/LambdaForm$MH+0x0000000801014c00'
Event: 2608.889 Thread 0x00000167230f4b60 Unloading class 0x0000000801014400 'java/lang/invoke/LambdaForm$MH+0x0000000801014400'
Event: 2608.889 Thread 0x00000167230f4b60 Unloading class 0x0000000801014000 'java/lang/invoke/LambdaForm$MH+0x0000000801014000'
Event: 2608.890 Thread 0x00000167230f4b60 Unloading class 0x0000000801002400 'java/lang/invoke/LambdaForm$MH+0x0000000801002400'
Event: 2608.890 Thread 0x00000167230f4b60 Unloading class 0x0000000801002000 'java/lang/invoke/LambdaForm$MH+0x0000000801002000'
Event: 2608.890 Thread 0x00000167230f4b60 Unloading class 0x0000000801001c00 'java/lang/invoke/LambdaForm$MH+0x0000000801001c00'
Event: 2608.890 Thread 0x00000167230f4b60 Unloading class 0x0000000801001400 'java/lang/invoke/LambdaForm$MH+0x0000000801001400'
Event: 4333.541 Thread 0x00000167230f4b60 Unloading class 0x0000000801ac4c00 'java/lang/invoke/LambdaForm$MH+0x0000000801ac4c00'
Event: 4333.541 Thread 0x00000167230f4b60 Unloading class 0x0000000801ac4800 'java/lang/invoke/LambdaForm$MH+0x0000000801ac4800'
Event: 4333.541 Thread 0x00000167230f4b60 Unloading class 0x0000000801a94c00 'jdk/internal/reflect/GeneratedSerializationConstructorAccessor3'
Event: 4333.542 Thread 0x00000167230f4b60 Unloading class 0x0000000801a94800 'jdk/internal/reflect/GeneratedSerializationConstructorAccessor2'
Event: 4333.542 Thread 0x00000167230f4b60 Unloading class 0x0000000801a94400 'jdk/internal/reflect/GeneratedSerializationConstructorAccessor1'

Classes redefined (0 events):
No events

Internal exceptions (20 events):
Event: 7.455 Thread 0x0000016727d1af30 Exception <a 'java/lang/NoSuchMethodError'{0x000000008e979ea0}: 'java.lang.Object java.lang.invoke.DirectMethodHandle$Holder.newInvokeSpecial(java.lang.Object, java.lang.Object, java.lang.Object, java.lang.Object, java.lang.Object, java.lang.Object, java.lang.Object, java.lang.Object)'> (0x000000008e979ea0) 
thrown [s\open\src\hotspot\share\interpreter\linkResolver.cpp, line 773]
Event: 7.765 Thread 0x0000016727d1af30 Exception <a 'java/lang/IncompatibleClassChangeError'{0x000000008eb3b600}: Found class java.lang.Object, but interface was expected> (0x000000008eb3b600) 
thrown [s\open\src\hotspot\share\interpreter\linkResolver.cpp, line 840]
Event: 7.908 Thread 0x0000016727d1af30 Exception <a 'java/lang/NoSuchMethodError'{0x000000008e6b6868}: 'void java.lang.invoke.DirectMethodHandle$Holder.invokeVirtual(java.lang.Object, java.lang.Object, long)'> (0x000000008e6b6868) 
thrown [s\open\src\hotspot\share\interpreter\linkResolver.cpp, line 773]
Event: 7.977 Thread 0x0000016727d1af30 Exception <a 'java/lang/NoSuchMethodError'{0x000000008cfb78a0}: 'int java.lang.invoke.DirectMethodHandle$Holder.invokeStaticInit(java.lang.Object, java.lang.Object, java.lang.Object, java.lang.Object)'> (0x000000008cfb78a0) 
thrown [s\open\src\hotspot\share\interpreter\linkResolver.cpp, line 773]
Event: 7.996 Thread 0x0000016727d1af30 Exception <a 'java/lang/IncompatibleClassChangeError'{0x000000008ce76198}: Found class java.lang.Object, but interface was expected> (0x000000008ce76198) 
thrown [s\open\src\hotspot\share\interpreter\linkResolver.cpp, line 840]
Event: 8.008 Thread 0x0000016727d1af30 Implicit null exception at 0x0000016716292848 to 0x0000016716292a5c
Event: 8.109 Thread 0x0000016727d1af30 Exception <a 'java/lang/NoSuchMethodError'{0x000000008eb7a698}: 'java.lang.Object java.lang.invoke.DirectMethodHandle$Holder.newInvokeSpecial(java.lang.Object, java.lang.Object, int, java.lang.Object, java.lang.Object)'> (0x000000008eb7a698) 
thrown [s\open\src\hotspot\share\interpreter\linkResolver.cpp, line 773]
Event: 87.622 Thread 0x000001672b0b5590 Exception <a 'java/lang/NoSuchMethodError'{0x000000008e5f0540}: 'java.lang.Object java.lang.invoke.DirectMethodHandle$Holder.invokeSpecial(java.lang.Object, java.lang.Object, java.lang.Object, java.lang.Object, java.lang.Object, long)'> (0x000000008e5f0540) 
thrown [s\open\src\hotspot\share\interpreter\linkResolver.cpp, line 773]
Event: 87.623 Thread 0x000001672b0b5590 Exception <a 'java/lang/NoSuchMethodError'{0x000000008e5f3d00}: 'java.lang.Object java.lang.invoke.Invokers$Holder.linkToTargetMethod(java.lang.Object, java.lang.Object, java.lang.Object, long, java.lang.Object)'> (0x000000008e5f3d00) 
thrown [s\open\src\hotspot\share\interpreter\linkResolver.cpp, line 773]
Event: 88.310 Thread 0x000001672b0b5590 Exception <a 'java/lang/NoSuchMethodError'{0x000000008e955b58}: 'void java.lang.invoke.DirectMethodHandle$Holder.invokeSpecialIFC(java.lang.Object, java.lang.Object, int, java.lang.Object, java.lang.Object, java.lang.Object, java.lang.Object)'> (0x000000008e955b58) 
thrown [s\open\src\hotspot\share\interpreter\linkResolver.cpp, line 773]
Event: 88.405 Thread 0x000001672b0b5590 Exception <a 'java/lang/NoSuchMethodError'{0x000000008e7826c8}: 'long java.lang.invoke.Invokers$Holder.invokeExact_MT(java.lang.Object, java.lang.Object)'> (0x000000008e7826c8) 
thrown [s\open\src\hotspot\share\interpreter\linkResolver.cpp, line 773]
Event: 108.781 Thread 0x000001672b0b7020 Exception <a 'java/lang/NoSuchMethodError'{0x000000008d106438}: 'java.lang.Object java.lang.invoke.DirectMethodHandle$Holder.invokeInterface(java.lang.Object, java.lang.Object, java.lang.Object, java.lang.Object)'> (0x000000008d106438) 
thrown [s\open\src\hotspot\share\interpreter\linkResolver.cpp, line 773]
Event: 108.783 Thread 0x000001672b0b7020 Exception <a 'java/lang/NoSuchMethodError'{0x000000008d11da08}: 'java.lang.Object java.lang.invoke.DirectMethodHandle$Holder.invokeInterface(java.lang.Object, java.lang.Object, java.lang.Object, java.lang.Object, java.lang.Object)'> (0x000000008d11da08) 
thrown [s\open\src\hotspot\share\interpreter\linkResolver.cpp, line 773]
Event: 228.836 Thread 0x000001672b0b8560 Exception <a 'java/lang/IncompatibleClassChangeError'{0x000000008e754188}: Found class java.lang.Object, but interface was expected> (0x000000008e754188) 
thrown [s\open\src\hotspot\share\interpreter\linkResolver.cpp, line 840]
Event: 1768.532 Thread 0x000001672b0b6580 Exception <a 'java/io/IOException'{0x000000008e6cab40}> (0x000000008e6cab40) 
thrown [s\open\src\hotspot\share\prims\jni.cpp, line 519]
Event: 1768.534 Thread 0x000001672b0b6580 Exception <a 'java/io/IOException'{0x000000008e6cb190}> (0x000000008e6cb190) 
thrown [s\open\src\hotspot\share\prims\jni.cpp, line 519]
Event: 5385.143 Thread 0x0000016728aa2b40 Implicit null exception at 0x00000167161f3a23 to 0x00000167161f3cb4
Event: 5386.156 Thread 0x0000016728aa2b40 Implicit null exception at 0x00000167161f3a23 to 0x00000167161f3cb4
Event: 5387.148 Thread 0x0000016728aa2b40 Implicit null exception at 0x00000167161f3a23 to 0x00000167161f3cb4
Event: 5388.144 Thread 0x0000016728aa2b40 Implicit null exception at 0x00000167161f3a23 to 0x00000167161f3cb4

VM Operations (20 events):
Event: 5338.343 Executing VM operation: Cleanup
Event: 5338.343 Executing VM operation: Cleanup done
Event: 5348.420 Executing VM operation: Cleanup
Event: 5348.420 Executing VM operation: Cleanup done
Event: 5356.503 Executing VM operation: Cleanup
Event: 5356.503 Executing VM operation: Cleanup done
Event: 5357.509 Executing VM operation: Cleanup
Event: 5357.509 Executing VM operation: Cleanup done
Event: 5613.220 Executing VM operation: G1CollectForAllocation
Event: 5613.269 Executing VM operation: G1CollectForAllocation done
Event: 6282.270 Executing VM operation: G1CollectForAllocation
Event: 6282.331 Executing VM operation: G1CollectForAllocation done
Event: 6282.413 Executing VM operation: G1PauseRemark
Event: 6282.468 Executing VM operation: G1PauseRemark done
Event: 6282.475 Executing VM operation: G1PauseCleanup
Event: 6282.476 Executing VM operation: G1PauseCleanup done
Event: 7009.637 Executing VM operation: G1CollectForAllocation
Event: 7009.691 Executing VM operation: G1CollectForAllocation done
Event: 7074.279 Executing VM operation: Cleanup
Event: 7074.279 Executing VM operation: Cleanup done

Events (20 events):
Event: 6282.466 Thread 0x00000167230f4b60 flushing nmethod 0x000001670e8afd90
Event: 6282.466 Thread 0x00000167230f4b60 flushing nmethod 0x000001670e8aa110
Event: 6282.466 Thread 0x00000167230f4b60 flushing nmethod 0x000001670e8a9c90
Event: 6282.466 Thread 0x00000167230f4b60 flushing nmethod 0x000001670e812f90
Event: 6282.466 Thread 0x00000167230f4b60 flushing nmethod 0x000001670e797390
Event: 6282.466 Thread 0x00000167230f4b60 flushing nmethod 0x000001670e755310
Event: 6282.466 Thread 0x00000167230f4b60 flushing nmethod 0x000001670e7afc10
Event: 6282.466 Thread 0x00000167230f4b60 flushing nmethod 0x000001670e720010
Event: 6282.466 Thread 0x00000167230f4b60 flushing nmethod 0x000001670e70d310
Event: 6282.466 Thread 0x00000167230f4b60 flushing nmethod 0x000001670e6d4c90
Event: 6282.467 Thread 0x00000167230f4b60 flushing nmethod 0x000001670e6ce710
Event: 6282.467 Thread 0x00000167230f4b60 flushing nmethod 0x000001670e6d9c10
Event: 6282.467 Thread 0x00000167230f4b60 flushing nmethod 0x0000016716299610
Event: 6282.467 Thread 0x00000167230f4b60 flushing nmethod 0x0000016716276f90
Event: 6282.468 Thread 0x00000167230f4b60 flushing nmethod 0x0000016716271f90
Event: 6282.468 Thread 0x00000167230f4b60 flushing nmethod 0x0000016716341010
Event: 6282.468 Thread 0x00000167230f4b60 flushing nmethod 0x000001671633f310
Event: 6282.468 Thread 0x00000167230f4b60 flushing nmethod 0x00000167162c9590
Event: 7073.761 Thread 0x000001672b0b9ff0 Thread added: 0x000001672b0b9ff0
Event: 7073.836 Thread 0x000001672b0ba540 Thread added: 0x000001672b0ba540


Dynamic libraries:
0x00007ff6b2550000 - 0x00007ff6b255e000 	C:\Users\jogan\.jdks\openjdk-20\bin\java.exe
0x00007ffb0e2f0000 - 0x00007ffb0e507000 	C:\WINDOWS\SYSTEM32\ntdll.dll
0x00007ffb0ce40000 - 0x00007ffb0cf04000 	C:\WINDOWS\System32\KERNEL32.DLL
0x00007ffb0b820000 - 0x00007ffb0bbd9000 	C:\WINDOWS\System32\KERNELBASE.dll
0x00007ffb0bd50000 - 0x00007ffb0be61000 	C:\WINDOWS\System32\ucrtbase.dll
0x00007ffb01d00000 - 0x00007ffb01d1b000 	C:\Users\jogan\.jdks\openjdk-20\bin\VCRUNTIME140.dll
0x00007ffb01d50000 - 0x00007ffb01d67000 	C:\Users\jogan\.jdks\openjdk-20\bin\jli.dll
0x00007ffb0cae0000 - 0x00007ffb0cc8e000 	C:\WINDOWS\System32\USER32.dll
0x00007ffb0b780000 - 0x00007ffb0b7a6000 	C:\WINDOWS\System32\win32u.dll
0x00007ffae8f80000 - 0x00007ffae9212000 	C:\WINDOWS\WinSxS\amd64_microsoft.windows.common-controls_6595b64144ccf1df_6.0.22621.4391_none_2715d37f73803e96\COMCTL32.dll
0x00007ffb0c8e0000 - 0x00007ffb0c909000 	C:\WINDOWS\System32\GDI32.dll
0x00007ffb0c9d0000 - 0x00007ffb0ca77000 	C:\WINDOWS\System32\msvcrt.dll
0x00007ffb0be70000 - 0x00007ffb0bf8b000 	C:\WINDOWS\System32\gdi32full.dll
0x00007ffb0b5f0000 - 0x00007ffb0b68a000 	C:\WINDOWS\System32\msvcp_win.dll
0x00007ffb0d6a0000 - 0x00007ffb0d6d1000 	C:\WINDOWS\System32\IMM32.DLL
0x00007ffb01e30000 - 0x00007ffb01e3c000 	C:\Users\jogan\.jdks\openjdk-20\bin\vcruntime140_1.dll
0x00007ffae7e20000 - 0x00007ffae7eae000 	C:\Users\jogan\.jdks\openjdk-20\bin\msvcp140.dll
0x00007ffaae220000 - 0x00007ffaaeeb7000 	C:\Users\jogan\.jdks\openjdk-20\bin\server\jvm.dll
0x00007ffb0e1f0000 - 0x00007ffb0e2a2000 	C:\WINDOWS\System32\ADVAPI32.dll
0x00007ffb0cd90000 - 0x00007ffb0ce37000 	C:\WINDOWS\System32\sechost.dll
0x00007ffb0b690000 - 0x00007ffb0b6b8000 	C:\WINDOWS\System32\bcrypt.dll
0x00007ffb0d300000 - 0x00007ffb0d414000 	C:\WINDOWS\System32\RPCRT4.dll
0x00007ffae9670000 - 0x00007ffae9679000 	C:\WINDOWS\SYSTEM32\WSOCK32.dll
0x00007ffb03090000 - 0x00007ffb030c4000 	C:\WINDOWS\SYSTEM32\WINMM.dll
0x00007ffb01d20000 - 0x00007ffb01d2a000 	C:\WINDOWS\SYSTEM32\VERSION.dll
0x00007ffb0d620000 - 0x00007ffb0d691000 	C:\WINDOWS\System32\WS2_32.dll
0x00007ffb0a640000 - 0x00007ffb0a658000 	C:\WINDOWS\SYSTEM32\kernel.appcore.dll
0x00007ffafece0000 - 0x00007ffafecea000 	C:\Users\jogan\.jdks\openjdk-20\bin\jimage.dll
0x00007ffafa3c0000 - 0x00007ffafa5f2000 	C:\WINDOWS\SYSTEM32\DBGHELP.DLL
0x00007ffb0cf10000 - 0x00007ffb0d29f000 	C:\WINDOWS\System32\combase.dll
0x00007ffb0c490000 - 0x00007ffb0c567000 	C:\WINDOWS\System32\OLEAUT32.dll
0x00007ffaffbc0000 - 0x00007ffaffbf2000 	C:\WINDOWS\SYSTEM32\dbgcore.DLL
0x00007ffb0bf90000 - 0x00007ffb0c00b000 	C:\WINDOWS\System32\bcryptPrimitives.dll
0x00007ffaef210000 - 0x00007ffaef21e000 	C:\Users\jogan\.jdks\openjdk-20\bin\instrument.dll
0x00007ffaf13d0000 - 0x00007ffaf13f6000 	C:\Users\jogan\.jdks\openjdk-20\bin\java.dll
0x00007ffadc830000 - 0x00007ffadc907000 	C:\Users\jogan\.jdks\openjdk-20\bin\jsvml.dll
0x00007ffb0d6e0000 - 0x00007ffb0df56000 	C:\WINDOWS\System32\SHELL32.dll
0x00007ffb094e0000 - 0x00007ffb09de3000 	C:\WINDOWS\SYSTEM32\windows.storage.dll
0x00007ffb093a0000 - 0x00007ffb094df000 	C:\WINDOWS\SYSTEM32\wintypes.dll
0x00007ffb0d420000 - 0x00007ffb0d519000 	C:\WINDOWS\System32\SHCORE.dll
0x00007ffb0d2a0000 - 0x00007ffb0d2fe000 	C:\WINDOWS\System32\shlwapi.dll
0x00007ffb0b520000 - 0x00007ffb0b54b000 	C:\WINDOWS\SYSTEM32\profapi.dll
0x00007ffaef220000 - 0x00007ffaef238000 	C:\Users\jogan\.jdks\openjdk-20\bin\zip.dll
0x00007ffaef280000 - 0x00007ffaef293000 	C:\Users\jogan\.jdks\openjdk-20\bin\net.dll
0x00007ffb048a0000 - 0x00007ffb049d6000 	C:\WINDOWS\SYSTEM32\WINHTTP.dll
0x00007ffb0ab50000 - 0x00007ffb0abb9000 	C:\WINDOWS\system32\mswsock.dll
0x00007ffaef240000 - 0x00007ffaef256000 	C:\Users\jogan\.jdks\openjdk-20\bin\nio.dll
0x00007ffae9d10000 - 0x00007ffae9d2a000 	C:\Program Files\JetBrains\IntelliJ IDEA Community Edition 2022.3.3\bin\breakgen64.dll
0x00007ffaee690000 - 0x00007ffaee697000 	C:\Users\jogan\.jdks\openjdk-20\bin\extnet.dll
0x00007ffaf1460000 - 0x00007ffaf146a000 	C:\Users\jogan\.jdks\openjdk-20\bin\management.dll
0x00007ffaef270000 - 0x00007ffaef27b000 	C:\Users\jogan\.jdks\openjdk-20\bin\management_ext.dll
0x00007ffb0e1e0000 - 0x00007ffb0e1e8000 	C:\WINDOWS\System32\PSAPI.DLL
0x00007ffaee6a0000 - 0x00007ffaee6ae000 	C:\Users\jogan\.jdks\openjdk-20\bin\sunmscapi.dll
0x00007ffb0bbe0000 - 0x00007ffb0bd46000 	C:\WINDOWS\System32\CRYPT32.dll
0x00007ffb0afb0000 - 0x00007ffb0afdd000 	C:\WINDOWS\SYSTEM32\ncrypt.dll
0x00007ffb0af70000 - 0x00007ffb0afa7000 	C:\WINDOWS\SYSTEM32\NTASN1.dll
0x00007ffb0ada0000 - 0x00007ffb0adbb000 	C:\WINDOWS\SYSTEM32\CRYPTSP.dll
0x00007ffb0a660000 - 0x00007ffb0a695000 	C:\WINDOWS\system32\rsaenh.dll
0x00007ffb0ac00000 - 0x00007ffb0ac28000 	C:\WINDOWS\SYSTEM32\USERENV.dll
0x00007ffb0ad60000 - 0x00007ffb0ad6c000 	C:\WINDOWS\SYSTEM32\CRYPTBASE.dll
0x00007ffb0a050000 - 0x00007ffb0a07d000 	C:\WINDOWS\SYSTEM32\IPHLPAPI.DLL
0x00007ffb0c910000 - 0x00007ffb0c919000 	C:\WINDOWS\System32\NSI.dll
0x00007ffb04a90000 - 0x00007ffb04aa9000 	C:\WINDOWS\SYSTEM32\dhcpcsvc6.DLL
0x00007ffb04480000 - 0x00007ffb0449f000 	C:\WINDOWS\SYSTEM32\dhcpcsvc.DLL
0x00007ffb0a0c0000 - 0x00007ffb0a1c2000 	C:\WINDOWS\SYSTEM32\DNSAPI.dll
0x00007ffaf1480000 - 0x00007ffaf1490000 	C:\Users\jogan\.jdks\openjdk-20\bin\verify.dll
0x00007ffafede0000 - 0x00007ffafedea000 	C:\Windows\System32\rasadhlp.dll
0x00007ffb02030000 - 0x00007ffb020b3000 	C:\WINDOWS\System32\fwpuclnt.dll
0x00007ffaba270000 - 0x00007ffaba278000 	C:\WINDOWS\system32\wshunix.dll

dbghelp: loaded successfully - version: 4.0.5 - missing functions: none
symbol engine: initialized successfully - sym options: 0x614 - pdb path: .;C:\Users\jogan\.jdks\openjdk-20\bin;C:\WINDOWS\SYSTEM32;C:\WINDOWS\WinSxS\amd64_microsoft.windows.common-controls_6595b64144ccf1df_6.0.22621.4391_none_2715d37f73803e96;C:\Users\jogan\.jdks\openjdk-20\bin\server;C:\Program Files\JetBrains\IntelliJ IDEA Community Edition 2022.3.3\bin

VM Arguments:
jvm_args: -javaagent:C:\Program Files\JetBrains\IntelliJ IDEA Community Edition 2022.3.3\lib\idea_rt.jar=53913:C:\Program Files\JetBrains\IntelliJ IDEA Community Edition 2022.3.3\bin -Dfile.encoding=UTF-8 -Dsun.stdout.encoding=UTF-8 -Dsun.stderr.encoding=UTF-8 
java_command: com.demo.social_media_project.SocialMediaProjectApplication
java_class_path (initial): C:\Users\jogan\Downloads\social-media-project\social-media-project\target\classes;C:\Users\jogan\.m2\repository\org\springframework\boot\spring-boot-starter-web\3.3.5\spring-boot-starter-web-3.3.5.jar;C:\Users\jogan\.m2\repository\org\springframework\boot\spring-boot-starter\3.3.5\spring-boot-starter-3.3.5.jar;C:\Users\jogan\.m2\repository\org\springframework\boot\spring-boot-starter-logging\3.3.5\spring-boot-starter-logging-3.3.5.jar;C:\Users\jogan\.m2\repository\ch\qos\logback\logback-classic\1.5.11\logback-classic-1.5.11.jar;C:\Users\jogan\.m2\repository\ch\qos\logback\logback-core\1.5.11\logback-core-1.5.11.jar;C:\Users\jogan\.m2\repository\org\apache\logging\log4j\log4j-to-slf4j\2.23.1\log4j-to-slf4j-2.23.1.jar;C:\Users\jogan\.m2\repository\org\apache\logging\log4j\log4j-api\2.23.1\log4j-api-2.23.1.jar;C:\Users\jogan\.m2\repository\org\slf4j\jul-to-slf4j\2.0.16\jul-to-slf4j-2.0.16.jar;C:\Users\jogan\.m2\repository\jakarta\annotation\jakarta.annotation-api\2.1.1\jakarta.annotation-api-2.1.1.jar;C:\Users\jogan\.m2\repository\org\yaml\snakeyaml\2.2\snakeyaml-2.2.jar;C:\Users\jogan\.m2\repository\org\springframework\boot\spring-boot-starter-json\3.3.5\spring-boot-starter-json-3.3.5.jar;C:\Users\jogan\.m2\repository\com\fasterxml\jackson\datatype\jackson-datatype-jdk8\2.17.2\jackson-datatype-jdk8-2.17.2.jar;C:\Users\jogan\.m2\repository\com\fasterxml\jackson\datatype\jackson-datatype-jsr310\2.17.2\jackson-datatype-jsr310-2.17.2.jar;C:\Users\jogan\.m2\repository\com\fasterxml\jackson\module\jackson-module-parameter-names\2.17.2\jackson-module-parameter-names-2.17.2.jar;C:\Users\jogan\.m2\repository\org\springframework\boot\spring-boot-starter-tomcat\3.3.5\spring-boot-starter-tomcat-3.3.5.jar;C:\Users\jogan\.m2\repository\org\apache\tomcat\embed\tomcat-embed-core\10.1.31\tomcat-embed-core-10.1.31.jar;C:\Users\jogan\.m2\repository\org\apache\tomcat\embed\tomcat-embed-el\10.1.31\tomcat-embed-el-10.1.31.jar;C:\Users\jogan\.m2\repository\org\apache\tomcat\embed\tomcat-embed-websocket\10.1.31\tomcat-embed-websocket-10.1.31.jar;C:\Users\jogan\.m2\repository\org\springframework\spring-web\6.1.14\spring-web-6.1.14.jar;C:\Users\jogan\.m2\repository\org\springframework\spring-beans\6.1.14\spring-beans-6.1.14.jar;C:\Users\jogan\.m2\repository\io\micrometer\micrometer-observation\1.13.6\micrometer-observation-1.13.6.jar;C:\Users\jogan\.m2\repository\io\micrometer\micrometer-commons\1.13.6\micrometer-commons-1.13.6.jar;C:\Users\jogan\.m2\repository\org\springframework\spring-webmvc\6.1.14\spring-webmvc-6.1.14.jar;C:\Users\jogan\.m2\repository\org\springframework\spring-context\6.1.14\spring-context-6.1.14.jar;C:\Users\jogan\.m2\repository\org\springframework\spring-expression\6.1.14\spring-expression-6.1.14.jar;C:\Users\jogan\.m2\repository\org\springframework\boot\spring-boot-devtools\3.3.5\spring-boot-devtools-3.3.5.jar;C:\Users\jogan\.m2\repository\org\springframework\boot\spring-boot\3.3.5\spring-boot-3.3.5.jar;C:\Users\jogan\.m2\repository\org\springframework\boot\spring-boot-autoconfigure\3.3.5\spring-boot-autoconfigure-3.3.5.jar;C:\Users\jogan\.m2\repository\org\slf4j\slf4j-api\2.0.16\slf4j-api-2.0.16.jar;C:\Users\jogan\.m2\repository\jakarta\xml\bind\jakarta.xml.bind-api\4.0.2\jakarta.xml.bind-api-4.0.2.jar;C:\Users\jogan\.m2\repository\jakarta\activation\jakarta.activation-api\2.1.3\jakarta.activation-api-2.1.3.jar;C:\Users\jogan\.m2\repository\net\bytebuddy\byte-buddy\1.14.19\byte-buddy-1.14.19.jar;C:\Users\jogan\.m2\repository\org\springframework\spring-core\6.1.14\spring-core-6.1.14.jar;C:\Users\jogan\.m2\repository\org\springframework\spring-jcl\6.1.14\spring-jcl-6.1.14.jar;C:\Users\jogan\.m2\repository\com\mysql\mysql-connector-j\8.0.33\mysql-connector-j-8.0.33.jar;C:\Users\jogan\.m2\repository\org\springframework\boot\spring-boot-starter-data-jpa\3.3.5\spring-boot-starter-data-jpa-3.3.5.jar;C:\Users\jogan\.m2\repository\org\springframework\boot\spring-boot-starter-aop\3.3.5\spring-boot-starter-aop-3.3.5.jar;C:\Users\jogan\.m2\repository\org\aspectj\aspectjweaver\1.9.22.1\aspectjweaver-1.9.22.1.jar;C:\Users\jogan\.m2\repository\org\springframework\boot\spring-boot-starter-jdbc\3.3.5\spring-boot-starter-jdbc-3.3.5.jar;C:\Users\jogan\.m2\repository\com\zaxxer\HikariCP\5.1.0\HikariCP-5.1.0.jar;C:\Users\jogan\.m2\repository\org\springframework\spring-jdbc\6.1.14\spring-jdbc-6.1.14.jar;C:\Users\jogan\.m2\repository\org\hibernate\orm\hibernate-core\6.5.3.Final\hibernate-core-6.5.3.Final.jar;C:\Users\jogan\.m2\repository\jakarta\persistence\jakarta.persistence-api\3.1.0\jakarta.persistence-api-3.1.0.jar;C:\Users\jogan\.m2\repository\jakarta\transaction\jakarta.transaction-api\2.0.1\jakarta.transaction-api-2.0.1.jar;C:\Users\jogan\.m2\repository\org\jboss\logging\jboss-logging\3.5.3.Final\jboss-logging-3.5.3.Final.jar;C:\Users\jogan\.m2\repository\org\hibernate\common\hibernate-commons-annotations\6.0.6.Final\hibernate-commons-annotations-6.0.6.Final.jar;C:\Users\jogan\.m2\repository\io\smallrye\jandex\3.1.2\jandex-3.1.2.jar;C:\Users\jogan\.m2\repository\com\fasterxml\classmate\1.7.0\classmate-1.7.0.jar;C:\Users\jogan\.m2\repository\org\glassfish\jaxb\jaxb-runtime\4.0.5\jaxb-runtime-4.0.5.jar;C:\Users\jogan\.m2\repository\org\glassfish\jaxb\jaxb-core\4.0.5\jaxb-core-4.0.5.jar;C:\Users\jogan\.m2\repository\org\eclipse\angus\angus-activation\2.0.2\angus-activation-2.0.2.jar;C:\Users\jogan\.m2\repository\org\glassfish\jaxb\txw2\4.0.5\txw2-4.0.5.jar;C:\Users\jogan\.m2\repository\com\sun\istack\istack-commons-runtime\4.1.2\istack-commons-runtime-4.1.2.jar;C:\Users\jogan\.m2\repository\jakarta\inject\jakarta.inject-api\2.0.1\jakarta.inject-api-2.0.1.jar;C:\Users\jogan\.m2\repository\org\antlr\antlr4-runtime\4.13.0\antlr4-runtime-4.13.0.jar;C:\Users\jogan\.m2\repository\org\springframework\data\spring-data-jpa\3.3.5\spring-data-jpa-3.3.5.jar;C:\Users\jogan\.m2\repository\org\springframework\data\spring-data-commons\3.3.5\spring-data-commons-3.3.5.jar;C:\Users\jogan\.m2\repository\org\springframework\spring-orm\6.1.14\spring-orm-6.1.14.jar;C:\Users\jogan\.m2\repository\org\springframework\spring-tx\6.1.14\spring-tx-6.1.14.jar;C:\Users\jogan\.m2\repository\org\springframework\spring-aspects\6.1.14\spring-aspects-6.1.14.jar;C:\Users\jogan\.m2\repository\org\springframework\boot\spring-boot-starter-security\3.3.5\spring-boot-starter-security-3.3.5.jar;C:\Users\jogan\.m2\repository\org\springframework\spring-aop\6.1.14\spring-aop-6.1.14.jar;C:\Users\jogan\.m2\repository\org\springframework\security\spring-security-config\6.3.4\spring-security-config-6.3.4.jar;C:\Users\jogan\.m2\repository\org\springframework\security\spring-security-core\6.3.4\spring-security-core-6.3.4.jar;C:\Users\jogan\.m2\repository\org\springframework\security\spring-security-crypto\6.3.4\spring-security-crypto-6.3.4.jar;C:\Users\jogan\.m2\repository\org\springframework\security\spring-security-web\6.3.4\spring-security-web-6.3.4.jar;C:\Users\jogan\.m2\repository\io\jsonwebtoken\jjwt-jackson\0.11.1\jjwt-jackson-0.11.1.jar;C:\Users\jogan\.m2\repository\com\fasterxml\jackson\core\jackson-databind\2.17.2\jackson-databind-2.17.2.jar;C:\Users\jogan\.m2\repository\com\fasterxml\jackson\core\jackson-annotations\2.17.2\jackson-annotations-2.17.2.jar;C:\Users\jogan\.m2\repository\com\fasterxml\jackson\core\jackson-core\2.17.2\jackson-core-2.17.2.jar;C:\Users\jogan\.m2\repository\io\jsonwebtoken\jjwt-impl\0.11.1\jjwt-impl-0.11.1.jar;C:\Users\jogan\.m2\repository\io\jsonwebtoken\jjwt-api\0.11.1\jjwt-api-0.11.1.jar
Launcher Type: SUN_STANDARD

[Global flags]
     intx CICompilerCount                          = 4                                         {product} {ergonomic}
     uint ConcGCThreads                            = 3                                         {product} {ergonomic}
     uint G1ConcRefinementThreads                  = 10                                        {product} {ergonomic}
   size_t G1HeapRegionSize                         = 1048576                                   {product} {ergonomic}
    uintx GCDrainStackTargetSize                   = 64                                        {product} {ergonomic}
   size_t InitialHeapSize                          = 123731968                                 {product} {ergonomic}
   size_t MarkStackSize                            = 4194304                                   {product} {ergonomic}
   size_t MaxHeapSize                              = 1973420032                                {product} {ergonomic}
   size_t MaxNewSize                               = 1183842304                                {product} {ergonomic}
   size_t MinHeapDeltaBytes                        = 1048576                                   {product} {ergonomic}
   size_t MinHeapSize                              = 8388608                                   {product} {ergonomic}
    uintx NonNMethodCodeHeapSize                   = 5839372                                {pd product} {ergonomic}
    uintx NonProfiledCodeHeapSize                  = 122909434                              {pd product} {ergonomic}
    uintx ProfiledCodeHeapSize                     = 122909434                              {pd product} {ergonomic}
    uintx ReservedCodeCacheSize                    = 251658240                              {pd product} {ergonomic}
     bool SegmentedCodeCache                       = true                                      {product} {ergonomic}
   size_t SoftMaxHeapSize                          = 1973420032                             {manageable} {ergonomic}
     bool UseCompressedClassPointers               = true                           {product lp64_product} {ergonomic}
     bool UseCompressedOops                        = true                           {product lp64_product} {ergonomic}
     bool UseG1GC                                  = true                                      {product} {ergonomic}
     bool UseLargePagesIndividualAllocation        = false                                  {pd product} {ergonomic}

Logging:
Log output configuration:
 #0: stdout all=warning uptime,level,tags foldmultilines=false
 #1: stderr all=off uptime,level,tags foldmultilines=false

Environment Variables:
PATH=C:\Program Files\Common Files\Oracle\Java\javapath;C:\windows\system32;C:\windows;C:\windows\System32\Wbem;C:\windows\System32\WindowsPowerShell\v1.0\;C:\windows\System32\OpenSSH\;C:\Program Files (x86)\NVIDIA Corporation\PhysX\Common;C:\Program Files\NVIDIA Corporation\NVIDIA NvDLISR;C:\WINDOWS\system32;C:\WINDOWS;C:\WINDOWS\System32\Wbem;C:\WINDOWS\System32\WindowsPowerShell\v1.0\;C:\WINDOWS\System32\OpenSSH\;C:\Program Files\Java\jdk-18.0.2.1\bin;C:\Program Files\Git\cmd;C:\Program Files\Docker\Docker\resources\bin;C:\Program Files\nodejs\;C:\Program Files\HP\HP One Agent;C:\Program Files\MySQL\MySQL Shell 8.0\bin\;C:\Users\jogan\AppData\Local\Microsoft\WindowsApps;;C:\Users\jogan\AppData\Local\Programs\Microsoft VS Code\bin;C:\Users\jogan\AppData\Roaming\npm
USERNAME=jogan
OS=Windows_NT
PROCESSOR_IDENTIFIER=AMD64 Family 25 Model 80 Stepping 0, AuthenticAMD
TMP=C:\Users\jogan\AppData\Local\Temp
TEMP=C:\Users\jogan\AppData\Local\Temp




---------------  S Y S T E M  ---------------

OS:
 Windows 11 , 64 bit Build 22621 (10.0.22621.4391)
OS uptime: 6 days 10:46 hours
Hyper-V role detected

CPU: total 12 (initial active 12) (12 cores per cpu, 2 threads per core) family 25 model 80 stepping 0 microcode 0x0, cx8, cmov, fxsr, ht, mmx, 3dnowpref, sse, sse2, sse3, ssse3, sse4a, sse4.1, sse4.2, popcnt, lzcnt, tsc, tscinvbit, avx, avx2, aes, erms, clmul, bmi1, bmi2, adx, sha, fma, vzeroupper, clflush, clflushopt, hv, rdtscp, rdpid, fsrm, f16c, cet_ss

Memory: 4k page, system-wide physical 7521M (57M free)
TotalPageFile size 31073M (AvailPageFile size 0M)
current process WorkingSet (physical memory assigned to process): 38M, peak: 246M
current process commit charge ("private bytes"): 282M, peak: 292M

vm_info: OpenJDK 64-Bit Server VM (20+36-2344) for windows-amd64 JRE (20+36-2344), built on 2023-02-10T19:30:15Z by "mach5one" with MS VC++ 17.1 (VS2022)

END.
